// Vitest Snapshot v1, https://vitest.dev/guide/snapshot.html

exports[`fetchThresholds > fetches the constitution threshholds properly #2 1`] = `
[
  0.5,
  0.5,
  0.5,
  0.9,
  0.9,
  0.9,
  0.9,
  0.5,
  0.8,
  0.9,
  0.5,
  0.9,
  0.9,
  0.9,
  0.8,
  0.9,
  0.5,
  0.5,
  0.5,
  0.5,
  0.5,
  0.5,
  0.5,
  0.5,
  0.5,
  0.5,
  0.5,
  0.5,
  0.5,
  0.5,
  0.5,
  0.5,
  0.5,
  0.5,
  0.5,
  0.9,
  0.9,
  0.5,
  0.5,
  0.5,
  0.5,
  0.8,
  0.9,
  0.5,
  0.5,
  0.5,
  0.5,
  0.5,
  0.5,
  0.5,
]
`;
